// Jest Snapshot v1, https://goo.gl/fbAQLP

exports[`Breadcrums should render correctly and show breadcrumbs 1`] = `
<div>
  <div
    class="breadcrumsWrapper"
    data-testid="breadcrumbWrapper"
  >
    <ul
      class="breadcrumb"
    >
      <li>
        <a
          href="/docs/introduction"
        >
          Developer Guides
        </a>
      </li>
      <li>
        <a
          href="?pageid=embed-analytics"
        >
          ThoughtSpot Embedded
        </a>
      </li>
      <li>
        ThoughtSpot Developer portal
      </li>
    </ul>
  </div>
</div>
`;
